[  2%] Building CXX object CMakeFiles/markov_cero_core.dir/src/foundation/build_info.cpp.o
[  4%] Building CXX object CMakeFiles/markov_cero_core.dir/src/model/model.cpp.o
[  6%] Building CXX object CMakeFiles/markov_cero_core.dir/src/io/mps.cpp.o
[  8%] Building CXX object CMakeFiles/markov_cero_core.dir/src/verify/primal_verifier.cpp.o
[ 11%] Building CXX object CMakeFiles/markov_cero_core.dir/src/linalg/dense_lu.cpp.o
[ 13%] Building CXX object CMakeFiles/markov_cero_core.dir/src/linalg/sparse_basis.cpp.o
[ 15%] Building CXX object CMakeFiles/markov_cero_core.dir/src/transform/canonicalize.cpp.o
[ 17%] Building CXX object CMakeFiles/markov_cero_core.dir/src/lp/reference/revised_simplex.cpp.o
[ 20%] Building CXX object CMakeFiles/markov_cero_core.dir/src/verify/reference_lp_verifier.cpp.o
[ 22%] Building CXX object CMakeFiles/markov_cero_core.dir/src/lp/dual/dual_simplex.cpp.o
[ 24%] Linking CXX static library libmarkov_cero_core.a
[ 24%] Built target markov_cero_core
[ 26%] Building CXX object CMakeFiles/markov-cero-info.dir/apps/markov_cero_info.cpp.o
[ 28%] Building CXX object CMakeFiles/markov-cero-mps-inspect.dir/apps/markov_cero_mps_inspect.cpp.o
[ 31%] Linking CXX executable markov-cero-info
[ 31%] Built target markov-cero-info
[ 33%] Building CXX object CMakeFiles/foundation_test.dir/tests/foundation_test.cpp.o
[ 35%] Linking CXX executable markov-cero-mps-inspect
[ 37%] Linking CXX executable foundation_test
[ 37%] Built target markov-cero-mps-inspect
[ 40%] Building CXX object CMakeFiles/m1_test.dir/tests/m1_test.cpp.o
[ 40%] Built target foundation_test
[ 42%] Building CXX object CMakeFiles/m1_edge_test.dir/tests/m1_edge_test.cpp.o
[ 44%] Linking CXX executable m1_test
[ 44%] Built target m1_test
[ 46%] Building CXX object CMakeFiles/mps_fuzz_smoke.dir/tests/fuzz/mps_fuzz_smoke.cpp.o
[ 48%] Linking CXX executable m1_edge_test
[ 48%] Built target m1_edge_test
[ 51%] Building CXX object CMakeFiles/m1_property_test.dir/tests/m1_property_test.cpp.o
[ 53%] Linking CXX executable mps_fuzz_smoke
[ 53%] Built target mps_fuzz_smoke
[ 55%] Building CXX object CMakeFiles/m2_test.dir/tests/m2_test.cpp.o
[ 57%] Linking CXX executable m1_property_test
[ 57%] Built target m1_property_test
[ 60%] Building CXX object CMakeFiles/m3_test.dir/tests/m3_test.cpp.o
[ 62%] Linking CXX executable m3_test
[ 62%] Built target m3_test
[ 64%] Building CXX object CMakeFiles/m3_property_test.dir/tests/m3_property_test.cpp.o
[ 66%] Linking CXX executable m2_test
[ 66%] Built target m2_test
[ 68%] Building CXX object CMakeFiles/m4_test.dir/tests/m4_test.cpp.o
[ 71%] Linking CXX executable m3_property_test
[ 71%] Built target m3_property_test
[ 73%] Building CXX object CMakeFiles/m4_property_test.dir/tests/m4_property_test.cpp.o
[ 75%] Linking CXX executable m4_test
[ 75%] Built target m4_test
[ 77%] Building CXX object CMakeFiles/m5_test.dir/tests/m5_test.cpp.o
[ 80%] Linking CXX executable m4_property_test
[ 80%] Built target m4_property_test
[ 82%] Building CXX object CMakeFiles/m5_property_test.dir/tests/m5_property_test.cpp.o
[ 84%] Linking CXX executable m5_test
[ 84%] Built target m5_test
[ 86%] Building CXX object CMakeFiles/m5_audit_regression_test.dir/tests/m5_audit_regression_test.cpp.o
[ 88%] Linking CXX executable m5_property_test
[ 88%] Built target m5_property_test
[ 91%] Building CXX object CMakeFiles/mps_fuzz.dir/tests/fuzz/mps_fuzz.cpp.o
[ 93%] Linking CXX executable m5_audit_regression_test
[ 93%] Built target m5_audit_regression_test
[ 95%] Building CXX object CMakeFiles/sparse_basis_fuzz.dir/tests/fuzz/sparse_basis_fuzz.cpp.o
[ 97%] Linking CXX executable mps_fuzz
[100%] Linking CXX executable sparse_basis_fuzz
[100%] Built target mps_fuzz
[100%] Built target sparse_basis_fuzz
