[  2%] Building CXX object CMakeFiles/sihopt_core.dir/src/model/model.cpp.o
[  4%] Building CXX object CMakeFiles/sihopt_core.dir/src/foundation/build_info.cpp.o
[  7%] Building CXX object CMakeFiles/sihopt_core.dir/src/io/mps.cpp.o
[  9%] Building CXX object CMakeFiles/sihopt_core.dir/src/verify/primal_verifier.cpp.o
[ 12%] Building CXX object CMakeFiles/sihopt_core.dir/src/linalg/dense_lu.cpp.o
[ 14%] Building CXX object CMakeFiles/sihopt_core.dir/src/linalg/sparse_basis.cpp.o
[ 17%] Building CXX object CMakeFiles/sihopt_core.dir/src/transform/canonicalize.cpp.o
[ 19%] Building CXX object CMakeFiles/sihopt_core.dir/src/lp/reference/revised_simplex.cpp.o
[ 21%] Building CXX object CMakeFiles/sihopt_core.dir/src/verify/reference_lp_verifier.cpp.o
[ 24%] Building CXX object CMakeFiles/sihopt_core.dir/src/lp/dual/dual_simplex.cpp.o
[ 26%] Linking CXX static library libsihopt_core.a
[ 26%] Built target sihopt_core
[ 29%] Building CXX object CMakeFiles/sihopt-mps-inspect.dir/apps/sihopt_mps_inspect.cpp.o
[ 31%] Building CXX object CMakeFiles/sihopt-info.dir/apps/sihopt_info.cpp.o
[ 34%] Linking CXX executable sihopt-info
[ 34%] Built target sihopt-info
[ 36%] Building CXX object CMakeFiles/foundation_test.dir/tests/foundation_test.cpp.o
[ 39%] Linking CXX executable sihopt-mps-inspect
[ 41%] Linking CXX executable foundation_test
[ 41%] Built target sihopt-mps-inspect
[ 43%] Building CXX object CMakeFiles/m1_test.dir/tests/m1_test.cpp.o
[ 43%] Built target foundation_test
[ 46%] Building CXX object CMakeFiles/m1_edge_test.dir/tests/m1_edge_test.cpp.o
[ 48%] Linking CXX executable m1_test
[ 48%] Built target m1_test
[ 51%] Building CXX object CMakeFiles/mps_fuzz_smoke.dir/tests/fuzz/mps_fuzz_smoke.cpp.o
[ 53%] Linking CXX executable m1_edge_test
[ 53%] Built target m1_edge_test
[ 56%] Linking CXX executable mps_fuzz_smoke
[ 58%] Building CXX object CMakeFiles/m1_property_test.dir/tests/m1_property_test.cpp.o
[ 58%] Built target mps_fuzz_smoke
[ 60%] Building CXX object CMakeFiles/m2_test.dir/tests/m2_test.cpp.o
[ 63%] Linking CXX executable m1_property_test
[ 63%] Built target m1_property_test
[ 65%] Building CXX object CMakeFiles/m3_test.dir/tests/m3_test.cpp.o
[ 68%] Linking CXX executable m2_test
[ 68%] Built target m2_test
[ 70%] Building CXX object CMakeFiles/m3_property_test.dir/tests/m3_property_test.cpp.o
[ 73%] Linking CXX executable m3_test
[ 73%] Built target m3_test
[ 75%] Building CXX object CMakeFiles/m4_test.dir/tests/m4_test.cpp.o
[ 78%] Linking CXX executable m3_property_test
[ 78%] Built target m3_property_test
[ 80%] Building CXX object CMakeFiles/m4_property_test.dir/tests/m4_property_test.cpp.o
[ 82%] Linking CXX executable m4_test
[ 82%] Built target m4_test
[ 85%] Building CXX object CMakeFiles/m5_test.dir/tests/m5_test.cpp.o
[ 87%] Linking CXX executable m4_property_test
[ 87%] Built target m4_property_test
[ 90%] Building CXX object CMakeFiles/m5_property_test.dir/tests/m5_property_test.cpp.o
[ 92%] Linking CXX executable m5_test
[ 92%] Built target m5_test
[ 95%] Building CXX object CMakeFiles/m5_audit_regression_test.dir/tests/m5_audit_regression_test.cpp.o
[ 97%] Linking CXX executable m5_property_test
[ 97%] Built target m5_property_test
[100%] Linking CXX executable m5_audit_regression_test
[100%] Built target m5_audit_regression_test
